2026-09-08 16:55:59.607 Python[38468:5153575] ApplePersistenceIgnoreState: Existing state will not be touched. New state will be written to /var/folders/rl/rlwp8pn9577cvtc6mfpjnbb40000gn/T/org.python.python.savedState
04:55:59 PM: Debug: Adding duplicate image handler for 'PNG file'
04:55:59 PM: Debug: Adding duplicate image handler for 'JPEG file'
04:55:59 PM: Debug: Adding duplicate image handler for 'TIFF file'
04:55:59 PM: Debug: Adding duplicate image handler for 'GIF file'
04:55:59 PM: Debug: Adding duplicate image handler for 'PNM file'
04:55:59 PM: Debug: Adding duplicate image handler for 'PCX file'
04:55:59 PM: Debug: Adding duplicate image handler for 'IFF file'
04:55:59 PM: Debug: Adding duplicate image handler for 'Windows icon file'
04:55:59 PM: Debug: Adding duplicate image handler for 'Windows cursor file'
04:55:59 PM: Debug: Adding duplicate image handler for 'Windows animated cursor file'
04:55:59 PM: Debug: Adding duplicate image handler for 'TGA file'
04:55:59 PM: Debug: Adding duplicate image handler for 'XPM file'
04:56:02 PM: Debug: Adding duplicate image handler for 'PNG file'
04:56:02 PM: Debug: Adding duplicate image handler for 'JPEG file'
04:56:02 PM: Debug: Adding duplicate image handler for 'TIFF file'
04:56:02 PM: Debug: Adding duplicate image handler for 'GIF file'
04:56:02 PM: Debug: Adding duplicate image handler for 'PNM file'
04:56:02 PM: Debug: Adding duplicate image handler for 'PCX file'
04:56:02 PM: Debug: Adding duplicate image handler for 'IFF file'
04:56:02 PM: Debug: Adding duplicate image handler for 'Windows icon file'
04:56:02 PM: Debug: Adding duplicate image handler for 'Windows cursor file'
04:56:02 PM: Debug: Adding duplicate image handler for 'Windows animated cursor file'
04:56:02 PM: Debug: Adding duplicate image handler for 'TGA file'
04:56:02 PM: Debug: Adding duplicate image handler for 'XPM file'
04:56:02 PM: Debug: Adding duplicate image handler for 'PNG file'
04:56:02 PM: Debug: Adding duplicate image handler for 'JPEG file'
04:56:02 PM: Debug: Adding duplicate image handler for 'TIFF file'
04:56:02 PM: Debug: Adding duplicate image handler for 'GIF file'
04:56:02 PM: Debug: Adding duplicate image handler for 'PNM file'
04:56:02 PM: Debug: Adding duplicate image handler for 'PCX file'
04:56:02 PM: Debug: Adding duplicate image handler for 'IFF file'
04:56:02 PM: Debug: Adding duplicate image handler for 'Windows icon file'
04:56:02 PM: Debug: Adding duplicate image handler for 'Windows cursor file'
04:56:02 PM: Debug: Adding duplicate image handler for 'Windows animated cursor file'
04:56:02 PM: Debug: Adding duplicate image handler for 'TGA file'
04:56:02 PM: Debug: Adding duplicate image handler for 'XPM file'
