pcb drc --severity-all --all-track-errors --schematic-parity --format json --output package/checks/saved-drc.json bms/bms.kicad_pcb
Found 91 violations
Found 0 unconnected items
Found 0 schematic parity issues
Saved DRC Report to package/checks/saved-drc.json
Fontconfig error: Cannot load default config file: No such file: (null)

pcb drc --severity-all --all-track-errors --schematic-parity --format json --output package/checks/refilled-drc.json --refill-zones --save-board bms/bms.kicad_pcb
Found 91 violations
Found 0 unconnected items
Found 0 schematic parity issues
Saved DRC Report to package/checks/refilled-drc.json
Saved board
Fontconfig error: Cannot load default config file: No such file: (null)

sch erc --severity-all --format json --output package/checks/erc.json bms/bms.kicad_sch
Found 92 violations
Saved ERC Report to package/checks/erc.json
Fontconfig error: Cannot load default config file: No such file: (null)

sch export netlist --format kicadxml --output package/checks/netlist.xml bms/bms.kicad_sch
Fontconfig error: Cannot load default config file: No such file: (null)

pcb export gerbers --output package/gerbers --layers F.Cu,In1.Cu,In2.Cu,B.Cu,F.Mask,B.Mask,F.Silkscreen,B.Silkscreen,Edge.Cuts --precision 6 bms/bms.kicad_pcb
Plotted to 'package/gerbers/bms-F_Cu.gtl'.
Plotted to 'package/gerbers/bms-In1_Cu.g1'.
Plotted to 'package/gerbers/bms-In2_Cu.g2'.
Plotted to 'package/gerbers/bms-B_Cu.gbl'.
Plotted to 'package/gerbers/bms-F_Silkscreen.gto'.
Plotted to 'package/gerbers/bms-B_Silkscreen.gbo'.
Plotted to 'package/gerbers/bms-F_Mask.gts'.
Plotted to 'package/gerbers/bms-B_Mask.gbs'.
Plotted to 'package/gerbers/bms-Edge_Cuts.gm1'.

pcb export drill --output package/gerbers --format excellon --drill-origin absolute --excellon-units mm --excellon-zeros-format decimal --excellon-separate-th --generate-report --report-path package/checks/drills.txt bms/bms.kicad_pcb
Created file 'package/gerbers/bms-PTH.drl'
Created file 'package/gerbers/bms-NPTH.drl'
Done.

pcb export gerbers --output package/paste --layers F.Paste,B.Paste --precision 6 bms/bms.kicad_pcb
Plotted to 'package/paste/bms-F_Paste.gtp'.
Plotted to 'package/paste/bms-B_Paste.gbp'.

pcb export ipcd356 --output package/bms.ipc bms/bms.kicad_pcb
Successfully created IPC-D-356 file

pcb export pos --output package/checks/raw-positions.csv --format csv --units mm --side both --smd-only --exclude-dnp bms/bms.kicad_pcb
Wrote position data to 'package/checks/raw-positions.csv'.

pcb export stats --output package/checks/board-stats.json --format json --units mm bms/bms.kicad_pcb
Wrote board statistics to 'package/checks/board-stats.json'.
